##########################################
# (1) LINK INFORMATION                   #
##########################################
J:\Renesas\NC30WA\V530R02\bin\ln30.exe @J:\WorkSpace\306a\306a\Debug\306a.m16cl

# LINK FILE INFORMATION
NCRT0 (J:\WorkSpace\306a\306a\Debug\ncrt0.r30)
	Jan 24 06:56:57 2008

ITOA (J:\WorkSpace\306a\306a\Debug\itoa.r30)
	Jan 24 06:56:57 2008

MAIN (J:\WorkSpace\306a\306a\Debug\main.r30)
	Jan 24 06:56:57 2008

MCU_INIT (J:\WorkSpace\306a\306a\Debug\mcu_init.r30)
	Jan 24 06:56:57 2008

QSK_LCD (J:\WorkSpace\306a\306a\Debug\qsk_lcd.r30)
	Jan 24 06:56:57 2008

SFR26A_LABELS (J:\WorkSpace\306a\306a\Debug\sfr26a_labels.r30)
	Jan 24 06:56:57 2008

_F4TOF8 (J:\Renesas\NC30WA\V530R02\lib30\nc30lib.lib)
	Jan 13 13:17:44 2005

_F8LTOR (J:\Renesas\NC30WA\V530R02\lib30\nc30lib.lib)
	Jan 13 13:17:46 2005

BCOPY (J:\Renesas\NC30WA\V530R02\lib30\nc30lib.lib)
	Jan 13 13:17:52 2005

BZERO (J:\Renesas\NC30WA\V530R02\lib30\nc30lib.lib)
	Jan 13 13:17:52 2005

MALLOC (J:\Renesas\NC30WA\V530R02\lib30\nc30lib.lib)
	Jan 13 13:18:01 2005

MEMCPY (J:\Renesas\NC30WA\V530R02\lib30\nc30lib.lib)
	Jan 13 13:18:02 2005

MEMSET (J:\Renesas\NC30WA\V530R02\lib30\nc30lib.lib)
	Jan 13 13:18:02 2005

SPRINTF (J:\Renesas\NC30WA\V530R02\lib30\nc30lib.lib)
	Jan 13 13:18:13 2005

_F4RTOL (J:\Renesas\NC30WA\V530R02\lib30\nc30lib.lib)
	Jan 13 13:17:44 2005

_I4DIV (J:\Renesas\NC30WA\V530R02\lib30\nc30lib.lib)
	Jan 13 13:17:47 2005

PRINT (J:\Renesas\NC30WA\V530R02\lib30\nc30lib.lib)
	Jan 13 13:18:11 2005

_F8EQ (J:\Renesas\NC30WA\V530R02\lib30\nc30lib.lib)
	Jan 13 13:17:45 2005

_F8GE (J:\Renesas\NC30WA\V530R02\lib30\nc30lib.lib)
	Jan 13 13:17:45 2005

_F8LT (J:\Renesas\NC30WA\V530R02\lib30\nc30lib.lib)
	Jan 13 13:17:46 2005

_F8MUL (J:\Renesas\NC30WA\V530R02\lib30\nc30lib.lib)
	Jan 13 13:17:46 2005

_F8NE (J:\Renesas\NC30WA\V530R02\lib30\nc30lib.lib)
	Jan 13 13:17:46 2005

_I4DIVU (J:\Renesas\NC30WA\V530R02\lib30\nc30lib.lib)
	Jan 13 13:17:47 2005

_I4MODU (J:\Renesas\NC30WA\V530R02\lib30\nc30lib.lib)
	Jan 13 13:17:48 2005

_I8DIVU (J:\Renesas\NC30WA\V530R02\lib30\nc30lib.lib)
	Jan 13 13:17:48 2005

_I8MODU (J:\Renesas\NC30WA\V530R02\lib30\nc30lib.lib)
	Jan 13 13:17:49 2005

CDATA (J:\Renesas\NC30WA\V530R02\lib30\nc30lib.lib)
	Jan 13 13:17:52 2005


##########################################
# (2) SECTION INFORMATION                #
##########################################
# SECTION                        ATR TYPE    START  LENGTH ALIGN MODULENAME
data_SE                          ABS DATA    000400 000000       NCRT0
bss_SE                           REL DATA    000400 000000 2     NCRT0
data_SO                          REL DATA    000400 000000       NCRT0
bss_SO                           REL DATA    000400 000000       NCRT0
data_NE                          REL DATA    000400 000000 2     NCRT0
                                 REL DATA    000400 000040       QSK_LCD
                                 REL DATA    000440 000010       MALLOC
bss_NE                           REL DATA    000450 000000 2     NCRT0
                                 REL DATA    000450 00000A       ITOA
                                 REL DATA    00045A 00000C       MALLOC
                                 REL DATA    000466 000004       SPRINTF
                                 REL DATA    00046A 000108       PRINT
data_NO                          REL DATA    000572 000000       NCRT0
                                 REL DATA    000572 000001       QSK_LCD
bss_NO                           REL DATA    000573 000000       NCRT0
                                 REL DATA    000573 00026A       PRINT
stack                            REL DATA    0007DD 000600       NCRT0
heap                             REL DATA    000DDD 000300       NCRT0
rom_NE                           REL ROMDATA 0010DE 000000 2     NCRT0
rom_NO                           REL ROMDATA 0010DE 000000       NCRT0
data_FE                          ABS DATA    010000 000000       NCRT0
bss_FE                           REL DATA    010000 000000 2     NCRT0
data_FO                          REL DATA    010000 000000       NCRT0
bss_FO                           REL DATA    010000 000000       NCRT0
rom_FE                           ABS ROMDATA 0F0000 000000       NCRT0
rom_FO                           REL ROMDATA 0F0000 000000       NCRT0
                                 REL ROMDATA 0F0000 000057       MAIN
                                 REL ROMDATA 0F0057 00000A       PRINT
                                 REL ROMDATA 0F0061 000101       CDATA
data_SEI                         REL ROMDATA 0F0162 000000       NCRT0
data_SOI                         REL ROMDATA 0F0162 000000       NCRT0
data_NEI                         REL ROMDATA 0F0162 000000       NCRT0
                                 REL ROMDATA 0F0162 000040       QSK_LCD
                                 REL ROMDATA 0F01A2 000010       MALLOC
data_NOI                         REL ROMDATA 0F01B2 000000       NCRT0
                                 REL ROMDATA 0F01B2 000001       QSK_LCD
data_FEI                         REL ROMDATA 0F01B3 000000       NCRT0
data_FOI                         REL ROMDATA 0F01B3 000000       NCRT0
switch_table                     REL ROMDATA 0F01B3 000000       NCRT0
program                          REL CODE    0F01B3 000000       NCRT0
                                 REL CODE    0F01B4 0000AC 2     ITOA
                                 REL CODE    0F0260 0001E2 2     MAIN
                                 REL CODE    0F0442 000044 2     MCU_INIT
                                 REL CODE    0F0486 0001E4 2     QSK_LCD
                                 REL CODE    0F066A 000086 2     _F4TOF8
                                 REL CODE    0F06F0 000054 2     _F8LTOR
                                 REL CODE    0F0744 000035 2     BCOPY
                                 REL CODE    0F077A 000028 2     BZERO
                                 REL CODE    0F07A2 000555 2     MALLOC
                                 REL CODE    0F0CF8 000044 2     MEMCPY
                                 REL CODE    0F0D3C 000034 2     MEMSET
                                 REL CODE    0F0D70 0000D7 2     SPRINTF
                                 REL CODE    0F0E48 00003E 2     _F4RTOL
                                 REL CODE    0F0E86 000083 2     _I4DIV
                                 REL CODE    0F0F0A 00198D 2     PRINT
                                 REL CODE    0F2898 00007C 2     _F8EQ
                                 REL CODE    0F2914 0000A7 2     _F8GE
                                 REL CODE    0F29BC 0000A7 2     _F8LT
                                 REL CODE    0F2A64 0002C7 2     _F8MUL
                                 REL CODE    0F2D2C 00007C 2     _F8NE
                                 REL CODE    0F2DA8 00004D 2     _I4DIVU
                                 REL CODE    0F2DF6 00004B 2     _I4MODU
                                 REL CODE    0F2E42 0000F8 2     _I8DIVU
                                 REL CODE    0F2F3A 0000CF 2     _I8MODU
interrupt                        REL CODE    0F3009 000000       NCRT0
                                 REL CODE    0F3009 000117       NCRT0
program_S                        REL CODE    0F3120 000000       NCRT0
vector                           ABS ROMDATA 0FFD00 000100       NCRT0
svector                          ABS ROMDATA 0FFE00 000000       NCRT0
fvector                          ABS ROMDATA 0FFFFC 000004       NCRT0
SFR_NO                           ABS DATA    000000 000400       SFR26A_LABELS
# Total -------------------------------------------------------------------
                                     DATA           0010DD(0004317) Byte(s)
                                     ROMDATA        0002B7(0000695) Byte(s)
                                     CODE           002F6D(0012141) Byte(s)

##########################################
# (3) GLOBAL LABEL INFORMATION           #
##########################################
$DisplayString     0f0530  $LCD_write         0f058e  $_f4rtol           0f0e48
$_f8geti           0f255a  $_f8ltor           0f06f0  $_inmod            0f277a
$calloc            0f07a2  $exit              0f311d  $getmem            0f08de
$henkan1           0f23bc  $henkan2           0f23fe  $itoa              0f01b4
$malloc            0f0818  $memset            0f0d3c  $realloc           0f086a
$rlsmem            0f0a54  $utoa              0f021a  _DisplayDelay      0f063c
_InitDisplay       0f0486  __ctype            0f0061  __f4tof8           0f066a
__f8eq             0f2898  __f8ge             0f2914  __f8lt             0f29bc
__f8mul            0f2a64  __f8ne             0f2d2c  __f8prn            0f1e6a
__i4div            0f0e86  __i4divU           0f2da8  __i4modU           0f2df6
__i8divU           0f2e42  __i8modU           0f2f3a  __mbase            00045a
__memt             000448  __mnext            00045e  __msize            000462
__pool             000440  __pri              0f2452  __print            0f0f0a
_bcopy             0f0744  _bzero             0f077a  _exit              0f311d
_floats            0f033c  _free              0f07e0  _logo_map          000400
_main              0f0260  _mcu_init          0f0442  _memcpy            0f0cf8
_more_ints         0f03cc  _sprintf           0f0d70  _strings_and_int   0f0286
ad0                0003c0  ad1                0003c2  ad2                0003c4
ad3                0003c6  ad4                0003c8  ad5                0003ca
ad6                0003cc  ad7                0003ce  adcon0             0003d6
adcon1             0003d7  adcon2             0003d4  adic               00004e
adstat0            0003d3  adtrgcon           0003d2  aier               000009
bcnic              00004a  cm0                000006  cm1                000007
cm2                00000c  cpsrf              000381  crcd               0003bc
crcin              0003be  crcmr              0003b6  crcsar             0003b4
d4int              00001f  dar0               000024  dar1               000034
dm0con             00002c  dm0ic              00004b  dm0sl              0003b8
dm1con             00003c  dm1ic              00004c  dm1sl              0003ba
dtt                00034c  dummy_int          0f311f  fmr0               0001b7
fmr1               0001b5  fmr4               0001b3  ictb2              00034d
idb0               00034a  idb1               00034b  ifsr               00035f
ifsr2a             00035e  int0ic             00005d  int1ic             00005e
int2ic             00005f  int3ic             000044  int4ic             000049
int5ic             000048  invc0              000348  invc1              000349
kupic              00004d  nddr               00033e  onsf               000382
p1                 0003e1  p10                0003f4  p17ddr             00033f
p6                 0003ec  p7                 0003ed  p8                 0003f0
p9                 0003f1  pacr               00025d  pclkr              00025e
pcr                0003ff  pd1                0003e3  pd10               0003f6
pd6                0003ee  pd7                0003ef  pd8                0003f2
pd9                0003f3  pdrf               00034e  pfcr               000358
plc0               00001c  pm0                000004  pm1                000005
pm2                00001e  prcr               00000a  pur0               0003fc
pur1               0003fd  pur2               0003fe  rmad0              000010
rmad1              000014  rocr               00025c  s0ric              000052
s0tic              000051  s1ric              000054  s1tic              000053
s2ric              000050  s2tic              00004f  sar0               000020
sar1               000030  start              0f3009  ta0                000386
ta0ic              000055  ta0mr              000396  ta1                000388
ta11               000342  ta1ic              000056  ta1mr              000397
ta2                00038a  ta21               000344  ta2ic              000057
ta2mr              000398  ta3                00038c  ta3ic              000058
ta3mr              000399  ta4                00038e  ta41               000346
ta4ic              000059  ta4mr              00039a  tabsr              000380
tb0                000390  tb0ic              00005a  tb0mr              00039b
tb1                000392  tb1ic              00005b  tb1mr              00039c
tb2                000394  tb2ic              00005c  tb2mr              00039d
tb2sc              00039e  tcr0               000028  tcr1               000038
tprc               00025a  trgsr              000383  u0brg              0003a1
u0c0               0003a4  u0c1               0003a5  u0mr               0003a0
u0rb               0003a6  u0tb               0003a2  u1brg              0003a9
u1c0               0003ac  u1c1               0003ad  u1mr               0003a8
u1rb               0003ae  u1tb               0003aa  u2brg              000379
u2c0               00037c  u2c1               00037d  u2mr               000378
u2rb               00037e  u2smr              000377  u2smr2             000376
u2smr3             000375  u2smr4             000374  u2tb               00037a
ucon               0003b0  udf                000384  vcr1               000019
vcr2               00001a  wdc                00000f  wdts               00000e

##########################################
# (4) GLOBAL EQU SYMBOL INFORMATION      #
##########################################
__SB__           00000400  

##########################################
# (5) GLOBAL EQU BIT-SYMBOL INFORMATION  #
##########################################

##########################################
# (6) LOCAL LABEL INFORMATION            #
##########################################
@ NCRT0 ( J:\WorkSpace\306a\306a\Debug\ncrt0.r30 )
@ ITOA ( J:\WorkSpace\306a\306a\Debug\itoa.r30 )
@ MAIN ( J:\WorkSpace\306a\306a\Debug\main.r30 )
@ MCU_INIT ( J:\WorkSpace\306a\306a\Debug\mcu_init.r30 )
@ QSK_LCD ( J:\WorkSpace\306a\306a\Debug\qsk_lcd.r30 )
@ SFR26A_LABELS ( J:\WorkSpace\306a\306a\Debug\sfr26a_labels.r30 )
@ _F4TOF8 ( J:\Renesas\NC30WA\V530R02\lib30\nc30lib.lib )
@ _F8LTOR ( J:\Renesas\NC30WA\V530R02\lib30\nc30lib.lib )
@ BCOPY ( J:\Renesas\NC30WA\V530R02\lib30\nc30lib.lib )
@ BZERO ( J:\Renesas\NC30WA\V530R02\lib30\nc30lib.lib )
@ MALLOC ( J:\Renesas\NC30WA\V530R02\lib30\nc30lib.lib )
@ MEMCPY ( J:\Renesas\NC30WA\V530R02\lib30\nc30lib.lib )
@ MEMSET ( J:\Renesas\NC30WA\V530R02\lib30\nc30lib.lib )
@ SPRINTF ( J:\Renesas\NC30WA\V530R02\lib30\nc30lib.lib )
@ _F4RTOL ( J:\Renesas\NC30WA\V530R02\lib30\nc30lib.lib )
@ _I4DIV ( J:\Renesas\NC30WA\V530R02\lib30\nc30lib.lib )
@ PRINT ( J:\Renesas\NC30WA\V530R02\lib30\nc30lib.lib )
@ _F8EQ ( J:\Renesas\NC30WA\V530R02\lib30\nc30lib.lib )
@ _F8GE ( J:\Renesas\NC30WA\V530R02\lib30\nc30lib.lib )
@ _F8LT ( J:\Renesas\NC30WA\V530R02\lib30\nc30lib.lib )
@ _F8MUL ( J:\Renesas\NC30WA\V530R02\lib30\nc30lib.lib )
@ _F8NE ( J:\Renesas\NC30WA\V530R02\lib30\nc30lib.lib )
@ _I4DIVU ( J:\Renesas\NC30WA\V530R02\lib30\nc30lib.lib )
@ _I4MODU ( J:\Renesas\NC30WA\V530R02\lib30\nc30lib.lib )
@ _I8DIVU ( J:\Renesas\NC30WA\V530R02\lib30\nc30lib.lib )
@ _I8MODU ( J:\Renesas\NC30WA\V530R02\lib30\nc30lib.lib )
@ CDATA ( J:\Renesas\NC30WA\V530R02\lib30\nc30lib.lib )

##########################################
# (7) LOCAL EQU SYMBOL INFORMATION       #
##########################################
@ NCRT0 ( J:\WorkSpace\306a\306a\Debug\ncrt0.r30 )
@ ITOA ( J:\WorkSpace\306a\306a\Debug\itoa.r30 )
@ MAIN ( J:\WorkSpace\306a\306a\Debug\main.r30 )
@ MCU_INIT ( J:\WorkSpace\306a\306a\Debug\mcu_init.r30 )
@ QSK_LCD ( J:\WorkSpace\306a\306a\Debug\qsk_lcd.r30 )
@ SFR26A_LABELS ( J:\WorkSpace\306a\306a\Debug\sfr26a_labels.r30 )
@ _F4TOF8 ( J:\Renesas\NC30WA\V530R02\lib30\nc30lib.lib )
@ _F8LTOR ( J:\Renesas\NC30WA\V530R02\lib30\nc30lib.lib )
@ BCOPY ( J:\Renesas\NC30WA\V530R02\lib30\nc30lib.lib )
@ BZERO ( J:\Renesas\NC30WA\V530R02\lib30\nc30lib.lib )
@ MALLOC ( J:\Renesas\NC30WA\V530R02\lib30\nc30lib.lib )
@ MEMCPY ( J:\Renesas\NC30WA\V530R02\lib30\nc30lib.lib )
@ MEMSET ( J:\Renesas\NC30WA\V530R02\lib30\nc30lib.lib )
@ SPRINTF ( J:\Renesas\NC30WA\V530R02\lib30\nc30lib.lib )
@ _F4RTOL ( J:\Renesas\NC30WA\V530R02\lib30\nc30lib.lib )
@ _I4DIV ( J:\Renesas\NC30WA\V530R02\lib30\nc30lib.lib )
@ PRINT ( J:\Renesas\NC30WA\V530R02\lib30\nc30lib.lib )
@ _F8EQ ( J:\Renesas\NC30WA\V530R02\lib30\nc30lib.lib )
@ _F8GE ( J:\Renesas\NC30WA\V530R02\lib30\nc30lib.lib )
@ _F8LT ( J:\Renesas\NC30WA\V530R02\lib30\nc30lib.lib )
@ _F8MUL ( J:\Renesas\NC30WA\V530R02\lib30\nc30lib.lib )
@ _F8NE ( J:\Renesas\NC30WA\V530R02\lib30\nc30lib.lib )
@ _I4DIVU ( J:\Renesas\NC30WA\V530R02\lib30\nc30lib.lib )
@ _I4MODU ( J:\Renesas\NC30WA\V530R02\lib30\nc30lib.lib )
@ _I8DIVU ( J:\Renesas\NC30WA\V530R02\lib30\nc30lib.lib )
@ _I8MODU ( J:\Renesas\NC30WA\V530R02\lib30\nc30lib.lib )
@ CDATA ( J:\Renesas\NC30WA\V530R02\lib30\nc30lib.lib )

##########################################
# (8) LOCAL EQU BIT-SYMBOL INFORMATION   #
##########################################
@ NCRT0 ( J:\WorkSpace\306a\306a\Debug\ncrt0.r30 )
@ ITOA ( J:\WorkSpace\306a\306a\Debug\itoa.r30 )
@ MAIN ( J:\WorkSpace\306a\306a\Debug\main.r30 )
@ MCU_INIT ( J:\WorkSpace\306a\306a\Debug\mcu_init.r30 )
@ QSK_LCD ( J:\WorkSpace\306a\306a\Debug\qsk_lcd.r30 )
@ SFR26A_LABELS ( J:\WorkSpace\306a\306a\Debug\sfr26a_labels.r30 )
@ _F4TOF8 ( J:\Renesas\NC30WA\V530R02\lib30\nc30lib.lib )
@ _F8LTOR ( J:\Renesas\NC30WA\V530R02\lib30\nc30lib.lib )
@ BCOPY ( J:\Renesas\NC30WA\V530R02\lib30\nc30lib.lib )
@ BZERO ( J:\Renesas\NC30WA\V530R02\lib30\nc30lib.lib )
@ MALLOC ( J:\Renesas\NC30WA\V530R02\lib30\nc30lib.lib )
@ MEMCPY ( J:\Renesas\NC30WA\V530R02\lib30\nc30lib.lib )
@ MEMSET ( J:\Renesas\NC30WA\V530R02\lib30\nc30lib.lib )
@ SPRINTF ( J:\Renesas\NC30WA\V530R02\lib30\nc30lib.lib )
@ _F4RTOL ( J:\Renesas\NC30WA\V530R02\lib30\nc30lib.lib )
@ _I4DIV ( J:\Renesas\NC30WA\V530R02\lib30\nc30lib.lib )
@ PRINT ( J:\Renesas\NC30WA\V530R02\lib30\nc30lib.lib )
@ _F8EQ ( J:\Renesas\NC30WA\V530R02\lib30\nc30lib.lib )
@ _F8GE ( J:\Renesas\NC30WA\V530R02\lib30\nc30lib.lib )
@ _F8LT ( J:\Renesas\NC30WA\V530R02\lib30\nc30lib.lib )
@ _F8MUL ( J:\Renesas\NC30WA\V530R02\lib30\nc30lib.lib )
@ _F8NE ( J:\Renesas\NC30WA\V530R02\lib30\nc30lib.lib )
@ _I4DIVU ( J:\Renesas\NC30WA\V530R02\lib30\nc30lib.lib )
@ _I4MODU ( J:\Renesas\NC30WA\V530R02\lib30\nc30lib.lib )
@ _I8DIVU ( J:\Renesas\NC30WA\V530R02\lib30\nc30lib.lib )
@ _I8MODU ( J:\Renesas\NC30WA\V530R02\lib30\nc30lib.lib )
@ CDATA ( J:\Renesas\NC30WA\V530R02\lib30\nc30lib.lib )

