##########################################
# (1) LINK INFORMATION                   #
##########################################
J:\Renesas\NC30WA\V530R02\bin\ln30.exe @J:\WorkSpace\306a\306a\Debug_M16C_R8C_FoUSB_UART\306a.m16cl

# LINK FILE INFORMATION
MAIN (J:\WorkSpace\306a\306a\Debug_M16C_R8C_FoUSB_UART\main.r30)
	Jan 24 14:07:14 2008

MCU_INIT (J:\WorkSpace\306a\306a\Debug_M16C_R8C_FoUSB_UART\mcu_init.r30)
	Jan 24 14:07:14 2008

NCRT0_QSK26A_DEMO (J:\WorkSpace\306a\306a\Debug_M16C_R8C_FoUSB_UART\ncrt0_qsk26a_demo.r30)
	Jan 24 14:07:15 2008

SFR26A_LABELS (J:\WorkSpace\306a\306a\Debug_M16C_R8C_FoUSB_UART\sfr26a_labels.r30)
	Jan 24 14:07:15 2008

_F4TOF8 (J:\Renesas\NC30WA\V530R02\lib30\nc30lib.lib)
	Jan 13 13:17:44 2005

_F8LTOR (J:\Renesas\NC30WA\V530R02\lib30\nc30lib.lib)
	Jan 13 13:17:46 2005

MALLOC (J:\Renesas\NC30WA\V530R02\lib30\nc30lib.lib)
	Jan 13 13:18:01 2005

MEMCPY (J:\Renesas\NC30WA\V530R02\lib30\nc30lib.lib)
	Jan 13 13:18:02 2005

MEMSET (J:\Renesas\NC30WA\V530R02\lib30\nc30lib.lib)
	Jan 13 13:18:02 2005

SPRINTF (J:\Renesas\NC30WA\V530R02\lib30\nc30lib.lib)
	Jan 13 13:18:13 2005

_F4RTOL (J:\Renesas\NC30WA\V530R02\lib30\nc30lib.lib)
	Jan 13 13:17:44 2005

_I4DIV (J:\Renesas\NC30WA\V530R02\lib30\nc30lib.lib)
	Jan 13 13:17:47 2005

PRINT (J:\Renesas\NC30WA\V530R02\lib30\nc30lib.lib)
	Jan 13 13:18:11 2005

_F8EQ (J:\Renesas\NC30WA\V530R02\lib30\nc30lib.lib)
	Jan 13 13:17:45 2005

_F8GE (J:\Renesas\NC30WA\V530R02\lib30\nc30lib.lib)
	Jan 13 13:17:45 2005

_F8LT (J:\Renesas\NC30WA\V530R02\lib30\nc30lib.lib)
	Jan 13 13:17:46 2005

_F8MUL (J:\Renesas\NC30WA\V530R02\lib30\nc30lib.lib)
	Jan 13 13:17:46 2005

_F8NE (J:\Renesas\NC30WA\V530R02\lib30\nc30lib.lib)
	Jan 13 13:17:46 2005

_I4DIVU (J:\Renesas\NC30WA\V530R02\lib30\nc30lib.lib)
	Jan 13 13:17:47 2005

_I4MODU (J:\Renesas\NC30WA\V530R02\lib30\nc30lib.lib)
	Jan 13 13:17:48 2005

_I8DIVU (J:\Renesas\NC30WA\V530R02\lib30\nc30lib.lib)
	Jan 13 13:17:48 2005

_I8MODU (J:\Renesas\NC30WA\V530R02\lib30\nc30lib.lib)
	Jan 13 13:17:49 2005

CDATA (J:\Renesas\NC30WA\V530R02\lib30\nc30lib.lib)
	Jan 13 13:17:52 2005


##########################################
# (2) SECTION INFORMATION                #
##########################################
# SECTION                        ATR TYPE    START  LENGTH ALIGN MODULENAME
program                          REL CODE    000000 0001E2 2     MAIN
                                 REL CODE    0001E2 00004C 2     MCU_INIT
                                 REL CODE    00022E 000000       NCRT0_QSK26A_DEMO
                                 REL CODE    00022E 000086 2     _F4TOF8
                                 REL CODE    0002B4 000054 2     _F8LTOR
                                 REL CODE    000308 000555 2     MALLOC
                                 REL CODE    00085E 000044 2     MEMCPY
                                 REL CODE    0008A2 000034 2     MEMSET
                                 REL CODE    0008D6 0000D7 2     SPRINTF
                                 REL CODE    0009AE 00003E 2     _F4RTOL
                                 REL CODE    0009EC 000083 2     _I4DIV
                                 REL CODE    000A70 00198D 2     PRINT
                                 REL CODE    0023FE 00007C 2     _F8EQ
                                 REL CODE    00247A 0000A7 2     _F8GE
                                 REL CODE    002522 0000A7 2     _F8LT
                                 REL CODE    0025CA 0002C7 2     _F8MUL
                                 REL CODE    002892 00007C 2     _F8NE
                                 REL CODE    00290E 00004D 2     _I4DIVU
                                 REL CODE    00295C 00004B 2     _I4MODU
                                 REL CODE    0029A8 0000F8 2     _I8DIVU
                                 REL CODE    002AA0 0000CF 2     _I8MODU
rom_FO                           REL ROMDATA 002B6F 000057       MAIN
                                 REL ROMDATA 002BC6 000000       NCRT0_QSK26A_DEMO
                                 REL ROMDATA 002BC6 00000A       PRINT
                                 REL ROMDATA 002BD0 000101       CDATA
data_SE                          ABS DATA    000400 000000       NCRT0_QSK26A_DEMO
bss_SE                           REL DATA    000400 000000 2     NCRT0_QSK26A_DEMO
data_SO                          REL DATA    000400 000000       NCRT0_QSK26A_DEMO
bss_SO                           REL DATA    000400 000000       NCRT0_QSK26A_DEMO
data_NE                          REL DATA    000400 000000 2     NCRT0_QSK26A_DEMO
                                 REL DATA    000400 000010       MALLOC
bss_NE                           REL DATA    000410 000000 2     NCRT0_QSK26A_DEMO
                                 REL DATA    000410 00000C       MALLOC
                                 REL DATA    00041C 000004       SPRINTF
                                 REL DATA    000420 000108       PRINT
data_NO                          REL DATA    000528 000000       NCRT0_QSK26A_DEMO
bss_NO                           REL DATA    000528 000000       NCRT0_QSK26A_DEMO
                                 REL DATA    000528 00026A       PRINT
stack                            REL DATA    000792 000600       NCRT0_QSK26A_DEMO
heap                             REL DATA    000D92 000300       NCRT0_QSK26A_DEMO
rom_NE                           ABS ROMDATA 00F000 000000       NCRT0_QSK26A_DEMO
rom_NO                           REL ROMDATA 00F000 000000       NCRT0_QSK26A_DEMO
rom_FE                           ABS ROMDATA 0F0000 000000       NCRT0_QSK26A_DEMO
data_SEI                         REL ROMDATA 0F0000 000000       NCRT0_QSK26A_DEMO
data_SOI                         REL ROMDATA 0F0000 000000       NCRT0_QSK26A_DEMO
data_NEI                         REL ROMDATA 0F0000 000000       NCRT0_QSK26A_DEMO
                                 REL ROMDATA 0F0000 000010       MALLOC
data_NOI                         REL ROMDATA 0F0010 000000       NCRT0_QSK26A_DEMO
data_FEI                         REL ROMDATA 0F0010 000000       NCRT0_QSK26A_DEMO
data_FOI                         REL ROMDATA 0F0010 000000       NCRT0_QSK26A_DEMO
switch_table                     REL ROMDATA 0F0010 000000       NCRT0_QSK26A_DEMO
interrupt                        REL CODE    0F0010 000000       NCRT0_QSK26A_DEMO
                                 REL CODE    0F0010 0000C5       NCRT0_QSK26A_DEMO
program_S                        REL CODE    0F00D5 000000       NCRT0_QSK26A_DEMO
vector                           ABS ROMDATA 0FF800 000088       NCRT0_QSK26A_DEMO
fvector                          ABS CODE    0FFFDC 000024       NCRT0_QSK26A_DEMO
SFR_NO                           ABS DATA    000000 000400       SFR26A_LABELS
# Total -------------------------------------------------------------------
                                     DATA           001092(0004242) Byte(s)
                                     ROMDATA        0001FA(0000506) Byte(s)
                                     CODE           002C58(0011352) Byte(s)

##########################################
# (3) GLOBAL LABEL INFORMATION           #
##########################################
$_f4rtol           0009ae  $_f8geti           0020c0  $_f8ltor           0002b4
$_inmod            0022e0  $calloc            000308  $exit              0f00d2
$getmem            000444  $henkan1           001f22  $henkan2           001f64
$malloc            00037e  $memset            0008a2  $realloc           0003d0
$rlsmem            0005ba  __ctype            002bd0  __f4tof8           00022e
__f8eq             0023fe  __f8ge             00247a  __f8lt             002522
__f8mul            0025ca  __f8ne             002892  __f8prn            0019d0
__i4div            0009ec  __i4divU           00290e  __i4modU           00295c
__i8divU           0029a8  __i8modU           002aa0  __mbase            000410
__memt             000408  __mnext            000414  __msize            000418
__pool             000400  __pri              001fb8  __print            000a70
_exit              0f00d2  _floats            0000dc  _free              000346
_main              000000  _mcu_init          0001e2  _memcpy            00085e
_more_ints         00016c  _sprintf           0008d6  _strings_and_int   000026
ad0                0003c0  ad1                0003c2  ad2                0003c4
ad3                0003c6  ad4                0003c8  ad5                0003ca
ad6                0003cc  ad7                0003ce  adcon0             0003d6
adcon1             0003d7  adcon2             0003d4  adic               00004e
adstat0            0003d3  adtrgcon           0003d2  aier               000009
bcnic              00004a  cm0                000006  cm1                000007
cm2                00000c  cpsrf              000381  crcd               0003bc
crcin              0003be  crcmr              0003b6  crcsar             0003b4
d4int              00001f  dar0               000024  dar1               000034
dm0con             00002c  dm0ic              00004b  dm0sl              0003b8
dm1con             00003c  dm1ic              00004c  dm1sl              0003ba
dtt                00034c  fmr0               0001b7  fmr1               0001b5
fmr4               0001b3  ictb2              00034d  idb0               00034a
idb1               00034b  ifsr               00035f  ifsr2a             00035e
int0ic             00005d  int1ic             00005e  int2ic             00005f
int3ic             000044  int4ic             000049  int5ic             000048
invc0              000348  invc1              000349  kupic              00004d
nddr               00033e  onsf               000382  p1                 0003e1
p10                0003f4  p17ddr             00033f  p6                 0003ec
p7                 0003ed  p8                 0003f0  p9                 0003f1
pacr               00025d  pclkr              00025e  pcr                0003ff
pd1                0003e3  pd10               0003f6  pd6                0003ee
pd7                0003ef  pd8                0003f2  pd9                0003f3
pdrf               00034e  pfcr               000358  plc0               00001c
pm0                000004  pm1                000005  pm2                00001e
prcr               00000a  pur0               0003fc  pur1               0003fd
pur2               0003fe  rmad0              000010  rmad1              000014
rocr               00025c  s0ric              000052  s0tic              000051
s1ric              000054  s1tic              000053  s2ric              000050
s2tic              00004f  sar0               000020  sar1               000030
start              0f0010  ta0                000386  ta0ic              000055
ta0mr              000396  ta1                000388  ta11               000342
ta1ic              000056  ta1mr              000397  ta2                00038a
ta21               000344  ta2ic              000057  ta2mr              000398
ta3                00038c  ta3ic              000058  ta3mr              000399
ta4                00038e  ta41               000346  ta4ic              000059
ta4mr              00039a  tabsr              000380  tb0                000390
tb0ic              00005a  tb0mr              00039b  tb1                000392
tb1ic              00005b  tb1mr              00039c  tb2                000394
tb2ic              00005c  tb2mr              00039d  tb2sc              00039e
tcr0               000028  tcr1               000038  tprc               00025a
trgsr              000383  u0brg              0003a1  u0c0               0003a4
u0c1               0003a5  u0mr               0003a0  u0rb               0003a6
u0tb               0003a2  u1brg              0003a9  u1c0               0003ac
u1c1               0003ad  u1mr               0003a8  u1rb               0003ae
u1tb               0003aa  u2brg              000379  u2c0               00037c
u2c1               00037d  u2mr               000378  u2rb               00037e
u2smr              000377  u2smr2             000376  u2smr3             000375
u2smr4             000374  u2tb               00037a  ucon               0003b0
udf                000384  vcr1               000019  vcr2               00001a
wdc                00000f  wdts               00000e  

##########################################
# (4) GLOBAL EQU SYMBOL INFORMATION      #
##########################################

##########################################
# (5) GLOBAL EQU BIT-SYMBOL INFORMATION  #
##########################################

##########################################
# (6) LOCAL LABEL INFORMATION            #
##########################################
@ MAIN ( J:\WorkSpace\306a\306a\Debug_M16C_R8C_FoUSB_UART\main.r30 )
@ MCU_INIT ( J:\WorkSpace\306a\306a\Debug_M16C_R8C_FoUSB_UART\mcu_init.r30 )
@ NCRT0_QSK26A_DEMO ( J:\WorkSpace\306a\306a\Debug_M16C_R8C_FoUSB_UART\ncrt0_qsk26a_demo.r30 )
@ SFR26A_LABELS ( J:\WorkSpace\306a\306a\Debug_M16C_R8C_FoUSB_UART\sfr26a_labels.r30 )
@ _F4TOF8 ( J:\Renesas\NC30WA\V530R02\lib30\nc30lib.lib )
@ _F8LTOR ( J:\Renesas\NC30WA\V530R02\lib30\nc30lib.lib )
@ MALLOC ( J:\Renesas\NC30WA\V530R02\lib30\nc30lib.lib )
@ MEMCPY ( J:\Renesas\NC30WA\V530R02\lib30\nc30lib.lib )
@ MEMSET ( J:\Renesas\NC30WA\V530R02\lib30\nc30lib.lib )
@ SPRINTF ( J:\Renesas\NC30WA\V530R02\lib30\nc30lib.lib )
@ _F4RTOL ( J:\Renesas\NC30WA\V530R02\lib30\nc30lib.lib )
@ _I4DIV ( J:\Renesas\NC30WA\V530R02\lib30\nc30lib.lib )
@ PRINT ( J:\Renesas\NC30WA\V530R02\lib30\nc30lib.lib )
@ _F8EQ ( J:\Renesas\NC30WA\V530R02\lib30\nc30lib.lib )
@ _F8GE ( J:\Renesas\NC30WA\V530R02\lib30\nc30lib.lib )
@ _F8LT ( J:\Renesas\NC30WA\V530R02\lib30\nc30lib.lib )
@ _F8MUL ( J:\Renesas\NC30WA\V530R02\lib30\nc30lib.lib )
@ _F8NE ( J:\Renesas\NC30WA\V530R02\lib30\nc30lib.lib )
@ _I4DIVU ( J:\Renesas\NC30WA\V530R02\lib30\nc30lib.lib )
@ _I4MODU ( J:\Renesas\NC30WA\V530R02\lib30\nc30lib.lib )
@ _I8DIVU ( J:\Renesas\NC30WA\V530R02\lib30\nc30lib.lib )
@ _I8MODU ( J:\Renesas\NC30WA\V530R02\lib30\nc30lib.lib )
@ CDATA ( J:\Renesas\NC30WA\V530R02\lib30\nc30lib.lib )

##########################################
# (7) LOCAL EQU SYMBOL INFORMATION       #
##########################################
@ MAIN ( J:\WorkSpace\306a\306a\Debug_M16C_R8C_FoUSB_UART\main.r30 )
@ MCU_INIT ( J:\WorkSpace\306a\306a\Debug_M16C_R8C_FoUSB_UART\mcu_init.r30 )
@ NCRT0_QSK26A_DEMO ( J:\WorkSpace\306a\306a\Debug_M16C_R8C_FoUSB_UART\ncrt0_qsk26a_demo.r30 )
@ SFR26A_LABELS ( J:\WorkSpace\306a\306a\Debug_M16C_R8C_FoUSB_UART\sfr26a_labels.r30 )
@ _F4TOF8 ( J:\Renesas\NC30WA\V530R02\lib30\nc30lib.lib )
@ _F8LTOR ( J:\Renesas\NC30WA\V530R02\lib30\nc30lib.lib )
@ MALLOC ( J:\Renesas\NC30WA\V530R02\lib30\nc30lib.lib )
@ MEMCPY ( J:\Renesas\NC30WA\V530R02\lib30\nc30lib.lib )
@ MEMSET ( J:\Renesas\NC30WA\V530R02\lib30\nc30lib.lib )
@ SPRINTF ( J:\Renesas\NC30WA\V530R02\lib30\nc30lib.lib )
@ _F4RTOL ( J:\Renesas\NC30WA\V530R02\lib30\nc30lib.lib )
@ _I4DIV ( J:\Renesas\NC30WA\V530R02\lib30\nc30lib.lib )
@ PRINT ( J:\Renesas\NC30WA\V530R02\lib30\nc30lib.lib )
@ _F8EQ ( J:\Renesas\NC30WA\V530R02\lib30\nc30lib.lib )
@ _F8GE ( J:\Renesas\NC30WA\V530R02\lib30\nc30lib.lib )
@ _F8LT ( J:\Renesas\NC30WA\V530R02\lib30\nc30lib.lib )
@ _F8MUL ( J:\Renesas\NC30WA\V530R02\lib30\nc30lib.lib )
@ _F8NE ( J:\Renesas\NC30WA\V530R02\lib30\nc30lib.lib )
@ _I4DIVU ( J:\Renesas\NC30WA\V530R02\lib30\nc30lib.lib )
@ _I4MODU ( J:\Renesas\NC30WA\V530R02\lib30\nc30lib.lib )
@ _I8DIVU ( J:\Renesas\NC30WA\V530R02\lib30\nc30lib.lib )
@ _I8MODU ( J:\Renesas\NC30WA\V530R02\lib30\nc30lib.lib )
@ CDATA ( J:\Renesas\NC30WA\V530R02\lib30\nc30lib.lib )

##########################################
# (8) LOCAL EQU BIT-SYMBOL INFORMATION   #
##########################################
@ MAIN ( J:\WorkSpace\306a\306a\Debug_M16C_R8C_FoUSB_UART\main.r30 )
@ MCU_INIT ( J:\WorkSpace\306a\306a\Debug_M16C_R8C_FoUSB_UART\mcu_init.r30 )
@ NCRT0_QSK26A_DEMO ( J:\WorkSpace\306a\306a\Debug_M16C_R8C_FoUSB_UART\ncrt0_qsk26a_demo.r30 )
@ SFR26A_LABELS ( J:\WorkSpace\306a\306a\Debug_M16C_R8C_FoUSB_UART\sfr26a_labels.r30 )
@ _F4TOF8 ( J:\Renesas\NC30WA\V530R02\lib30\nc30lib.lib )
@ _F8LTOR ( J:\Renesas\NC30WA\V530R02\lib30\nc30lib.lib )
@ MALLOC ( J:\Renesas\NC30WA\V530R02\lib30\nc30lib.lib )
@ MEMCPY ( J:\Renesas\NC30WA\V530R02\lib30\nc30lib.lib )
@ MEMSET ( J:\Renesas\NC30WA\V530R02\lib30\nc30lib.lib )
@ SPRINTF ( J:\Renesas\NC30WA\V530R02\lib30\nc30lib.lib )
@ _F4RTOL ( J:\Renesas\NC30WA\V530R02\lib30\nc30lib.lib )
@ _I4DIV ( J:\Renesas\NC30WA\V530R02\lib30\nc30lib.lib )
@ PRINT ( J:\Renesas\NC30WA\V530R02\lib30\nc30lib.lib )
@ _F8EQ ( J:\Renesas\NC30WA\V530R02\lib30\nc30lib.lib )
@ _F8GE ( J:\Renesas\NC30WA\V530R02\lib30\nc30lib.lib )
@ _F8LT ( J:\Renesas\NC30WA\V530R02\lib30\nc30lib.lib )
@ _F8MUL ( J:\Renesas\NC30WA\V530R02\lib30\nc30lib.lib )
@ _F8NE ( J:\Renesas\NC30WA\V530R02\lib30\nc30lib.lib )
@ _I4DIVU ( J:\Renesas\NC30WA\V530R02\lib30\nc30lib.lib )
@ _I4MODU ( J:\Renesas\NC30WA\V530R02\lib30\nc30lib.lib )
@ _I8DIVU ( J:\Renesas\NC30WA\V530R02\lib30\nc30lib.lib )
@ _I8MODU ( J:\Renesas\NC30WA\V530R02\lib30\nc30lib.lib )
@ CDATA ( J:\Renesas\NC30WA\V530R02\lib30\nc30lib.lib )

